2026-08-23 18:59:11 [INFO] [am_yt_downloader:71]: [TaskManager] 新任务提交成功: ID=5a3e61eada6043d3b6b1c6a98a9e0168, 用户=397d8d3bd0424de29df57785fe466f79, 服务=youtube, URL=https://youtu.be/jUT3rUZGqLA
2026-08-23 18:59:11 [INFO] [am_yt_downloader:47]: [YouTubeDownloader] 正在解析元数据: https://youtu.be/jUT3rUZGqLA (使用引擎: C:\Users\zihan\.conda\envs\yt-dlp\Scripts\yt-dlp.EXE)
2026-08-23 18:59:11 [ERROR] [am_yt_downloader:61]: [YouTubeDownloader] 启动 yt-dlp 失败: 
Traceback (most recent call last):
  File "C:\Users\zihan\Desktop\My-Projects\am-yt-downloader\backend\app\downloaders\youtube.py", line 50, in extract_info
    proc = await asyncio.create_subprocess_exec(
           ^^^^^^^^^^^^^^^^^^^^^^^^^^^^^^^^^^^^^
    ...<3 lines>...
    )
    ^
  File "C:\Users\zihan\.conda\envs\yt-dlp\Lib\asyncio\subprocess.py", line 224, in create_subprocess_exec
    transport, protocol = await loop.subprocess_exec(
                          ^^^^^^^^^^^^^^^^^^^^^^^^^^^
    ...<3 lines>...
        stderr=stderr, **kwds)
        ^^^^^^^^^^^^^^^^^^^^^^
  File "C:\Users\zihan\.conda\envs\yt-dlp\Lib\asyncio\base_events.py", line 1809, in subprocess_exec
    transport = await self._make_subprocess_transport(
                ^^^^^^^^^^^^^^^^^^^^^^^^^^^^^^^^^^^^^^
        protocol, popen_args, False, stdin, stdout, stderr,
        ^^^^^^^^^^^^^^^^^^^^^^^^^^^^^^^^^^^^^^^^^^^^^^^^^^^
        bufsize, **kwargs)
        ^^^^^^^^^^^^^^^^^^
  File "C:\Users\zihan\.conda\envs\yt-dlp\Lib\asyncio\base_events.py", line 534, in _make_subprocess_transport
    raise NotImplementedError
NotImplementedError
2026-08-23 18:59:11 [INFO] [am_yt_downloader:126]: [Task 5a3e61eada6043d3b6b1c6a98a9e0168] 开始下载命令: C:\Users\zihan\.conda\envs\yt-dlp\Scripts\yt-dlp.EXE --newline --no-warnings --no-playlist --no-call-home -f... URL: https://youtu.be/jUT3rUZGqLA
2026-08-23 18:59:11 [ERROR] [am_yt_downloader:139]: [Task 5a3e61eada6043d3b6b1c6a98a9e0168] 启动下载进程失败: 
Traceback (most recent call last):
  File "C:\Users\zihan\Desktop\My-Projects\am-yt-downloader\backend\app\downloaders\youtube.py", line 129, in download
    proc = await asyncio.create_subprocess_exec(
           ^^^^^^^^^^^^^^^^^^^^^^^^^^^^^^^^^^^^^
    ...<3 lines>...
    )
    ^
  File "C:\Users\zihan\.conda\envs\yt-dlp\Lib\asyncio\subprocess.py", line 224, in create_subprocess_exec
    transport, protocol = await loop.subprocess_exec(
                          ^^^^^^^^^^^^^^^^^^^^^^^^^^^
    ...<3 lines>...
        stderr=stderr, **kwds)
        ^^^^^^^^^^^^^^^^^^^^^^
  File "C:\Users\zihan\.conda\envs\yt-dlp\Lib\asyncio\base_events.py", line 1809, in subprocess_exec
    transport = await self._make_subprocess_transport(
                ^^^^^^^^^^^^^^^^^^^^^^^^^^^^^^^^^^^^^^
        protocol, popen_args, False, stdin, stdout, stderr,
        ^^^^^^^^^^^^^^^^^^^^^^^^^^^^^^^^^^^^^^^^^^^^^^^^^^^
        bufsize, **kwargs)
        ^^^^^^^^^^^^^^^^^^
  File "C:\Users\zihan\.conda\envs\yt-dlp\Lib\asyncio\base_events.py", line 534, in _make_subprocess_transport
    raise NotImplementedError
NotImplementedError
2026-08-23 18:59:11 [ERROR] [am_yt_downloader:246]: [Task 5a3e61eada6043d3b6b1c6a98a9e0168] 任务执行失败: 启动下载进程失败: 
Traceback (most recent call last):
  File "C:\Users\zihan\Desktop\My-Projects\am-yt-downloader\backend\app\downloaders\youtube.py", line 129, in download
    proc = await asyncio.create_subprocess_exec(
           ^^^^^^^^^^^^^^^^^^^^^^^^^^^^^^^^^^^^^
    ...<3 lines>...
    )
    ^
  File "C:\Users\zihan\.conda\envs\yt-dlp\Lib\asyncio\subprocess.py", line 224, in create_subprocess_exec
    transport, protocol = await loop.subprocess_exec(
                          ^^^^^^^^^^^^^^^^^^^^^^^^^^^
    ...<3 lines>...
        stderr=stderr, **kwds)
        ^^^^^^^^^^^^^^^^^^^^^^
  File "C:\Users\zihan\.conda\envs\yt-dlp\Lib\asyncio\base_events.py", line 1809, in subprocess_exec
    transport = await self._make_subprocess_transport(
                ^^^^^^^^^^^^^^^^^^^^^^^^^^^^^^^^^^^^^^
        protocol, popen_args, False, stdin, stdout, stderr,
        ^^^^^^^^^^^^^^^^^^^^^^^^^^^^^^^^^^^^^^^^^^^^^^^^^^^
        bufsize, **kwargs)
        ^^^^^^^^^^^^^^^^^^
  File "C:\Users\zihan\.conda\envs\yt-dlp\Lib\asyncio\base_events.py", line 534, in _make_subprocess_transport
    raise NotImplementedError
NotImplementedError

During handling of the above exception, another exception occurred:

Traceback (most recent call last):
  File "C:\Users\zihan\Desktop\My-Projects\am-yt-downloader\backend\app\core\task_manager.py", line 201, in _execute_task_pipeline
    final_file, final_filename = await downloader.download(
                                 ^^^^^^^^^^^^^^^^^^^^^^^^^^
    ...<6 lines>...
    )
    ^
  File "C:\Users\zihan\Desktop\My-Projects\am-yt-downloader\backend\app\downloaders\youtube.py", line 140, in download
    raise RuntimeError(f"启动下载进程失败: {str(e)}")
RuntimeError: 启动下载进程失败: 
2026-08-23 19:00:38 [INFO] [am_yt_downloader:71]: [TaskManager] 新任务提交成功: ID=e207e46b868f4ca6b896b8232e7f2287, 用户=397d8d3bd0424de29df57785fe466f79, 服务=youtube, URL=https://youtu.be/jUT3rUZGqLA
2026-08-23 19:00:39 [INFO] [am_yt_downloader:47]: [YouTubeDownloader] 正在解析元数据: https://youtu.be/jUT3rUZGqLA (使用引擎: C:\Users\zihan\.conda\envs\yt-dlp\Scripts\yt-dlp.EXE)
2026-08-23 19:00:39 [ERROR] [am_yt_downloader:61]: [YouTubeDownloader] 启动 yt-dlp 失败: 
Traceback (most recent call last):
  File "C:\Users\zihan\Desktop\My-Projects\am-yt-downloader\backend\app\downloaders\youtube.py", line 50, in extract_info
    proc = await asyncio.create_subprocess_exec(
           ^^^^^^^^^^^^^^^^^^^^^^^^^^^^^^^^^^^^^
    ...<3 lines>...
    )
    ^
  File "C:\Users\zihan\.conda\envs\yt-dlp\Lib\asyncio\subprocess.py", line 224, in create_subprocess_exec
    transport, protocol = await loop.subprocess_exec(
                          ^^^^^^^^^^^^^^^^^^^^^^^^^^^
    ...<3 lines>...
        stderr=stderr, **kwds)
        ^^^^^^^^^^^^^^^^^^^^^^
  File "C:\Users\zihan\.conda\envs\yt-dlp\Lib\asyncio\base_events.py", line 1809, in subprocess_exec
    transport = await self._make_subprocess_transport(
                ^^^^^^^^^^^^^^^^^^^^^^^^^^^^^^^^^^^^^^
        protocol, popen_args, False, stdin, stdout, stderr,
        ^^^^^^^^^^^^^^^^^^^^^^^^^^^^^^^^^^^^^^^^^^^^^^^^^^^
        bufsize, **kwargs)
        ^^^^^^^^^^^^^^^^^^
  File "C:\Users\zihan\.conda\envs\yt-dlp\Lib\asyncio\base_events.py", line 534, in _make_subprocess_transport
    raise NotImplementedError
NotImplementedError
2026-08-23 19:00:39 [INFO] [am_yt_downloader:126]: [Task e207e46b868f4ca6b896b8232e7f2287] 开始下载命令: C:\Users\zihan\.conda\envs\yt-dlp\Scripts\yt-dlp.EXE --newline --no-warnings --no-playlist --no-call-home -f... URL: https://youtu.be/jUT3rUZGqLA
2026-08-23 19:00:39 [ERROR] [am_yt_downloader:139]: [Task e207e46b868f4ca6b896b8232e7f2287] 启动下载进程失败: 
Traceback (most recent call last):
  File "C:\Users\zihan\Desktop\My-Projects\am-yt-downloader\backend\app\downloaders\youtube.py", line 129, in download
    proc = await asyncio.create_subprocess_exec(
           ^^^^^^^^^^^^^^^^^^^^^^^^^^^^^^^^^^^^^
    ...<3 lines>...
    )
    ^
  File "C:\Users\zihan\.conda\envs\yt-dlp\Lib\asyncio\subprocess.py", line 224, in create_subprocess_exec
    transport, protocol = await loop.subprocess_exec(
                          ^^^^^^^^^^^^^^^^^^^^^^^^^^^
    ...<3 lines>...
        stderr=stderr, **kwds)
        ^^^^^^^^^^^^^^^^^^^^^^
  File "C:\Users\zihan\.conda\envs\yt-dlp\Lib\asyncio\base_events.py", line 1809, in subprocess_exec
    transport = await self._make_subprocess_transport(
                ^^^^^^^^^^^^^^^^^^^^^^^^^^^^^^^^^^^^^^
        protocol, popen_args, False, stdin, stdout, stderr,
        ^^^^^^^^^^^^^^^^^^^^^^^^^^^^^^^^^^^^^^^^^^^^^^^^^^^
        bufsize, **kwargs)
        ^^^^^^^^^^^^^^^^^^
  File "C:\Users\zihan\.conda\envs\yt-dlp\Lib\asyncio\base_events.py", line 534, in _make_subprocess_transport
    raise NotImplementedError
NotImplementedError
2026-08-23 19:00:39 [ERROR] [am_yt_downloader:246]: [Task e207e46b868f4ca6b896b8232e7f2287] 任务执行失败: 启动下载进程失败: 
Traceback (most recent call last):
  File "C:\Users\zihan\Desktop\My-Projects\am-yt-downloader\backend\app\downloaders\youtube.py", line 129, in download
    proc = await asyncio.create_subprocess_exec(
           ^^^^^^^^^^^^^^^^^^^^^^^^^^^^^^^^^^^^^
    ...<3 lines>...
    )
    ^
  File "C:\Users\zihan\.conda\envs\yt-dlp\Lib\asyncio\subprocess.py", line 224, in create_subprocess_exec
    transport, protocol = await loop.subprocess_exec(
                          ^^^^^^^^^^^^^^^^^^^^^^^^^^^
    ...<3 lines>...
        stderr=stderr, **kwds)
        ^^^^^^^^^^^^^^^^^^^^^^
  File "C:\Users\zihan\.conda\envs\yt-dlp\Lib\asyncio\base_events.py", line 1809, in subprocess_exec
    transport = await self._make_subprocess_transport(
                ^^^^^^^^^^^^^^^^^^^^^^^^^^^^^^^^^^^^^^
        protocol, popen_args, False, stdin, stdout, stderr,
        ^^^^^^^^^^^^^^^^^^^^^^^^^^^^^^^^^^^^^^^^^^^^^^^^^^^
        bufsize, **kwargs)
        ^^^^^^^^^^^^^^^^^^
  File "C:\Users\zihan\.conda\envs\yt-dlp\Lib\asyncio\base_events.py", line 534, in _make_subprocess_transport
    raise NotImplementedError
NotImplementedError

During handling of the above exception, another exception occurred:

Traceback (most recent call last):
  File "C:\Users\zihan\Desktop\My-Projects\am-yt-downloader\backend\app\core\task_manager.py", line 201, in _execute_task_pipeline
    final_file, final_filename = await downloader.download(
                                 ^^^^^^^^^^^^^^^^^^^^^^^^^^
    ...<6 lines>...
    )
    ^
  File "C:\Users\zihan\Desktop\My-Projects\am-yt-downloader\backend\app\downloaders\youtube.py", line 140, in download
    raise RuntimeError(f"启动下载进程失败: {str(e)}")
RuntimeError: 启动下载进程失败: 
2026-08-23 19:00:50 [INFO] [am_yt_downloader:71]: [TaskManager] 新任务提交成功: ID=110355beec704f208ed6b8bf68e7d1cd, 用户=397d8d3bd0424de29df57785fe466f79, 服务=youtube, URL=https://youtu.be/jUT3rUZGqLA
2026-08-23 19:00:50 [INFO] [am_yt_downloader:47]: [YouTubeDownloader] 正在解析元数据: https://youtu.be/jUT3rUZGqLA (使用引擎: C:\Users\zihan\.conda\envs\yt-dlp\Scripts\yt-dlp.EXE)
2026-08-23 19:00:50 [ERROR] [am_yt_downloader:61]: [YouTubeDownloader] 启动 yt-dlp 失败: 
Traceback (most recent call last):
  File "C:\Users\zihan\Desktop\My-Projects\am-yt-downloader\backend\app\downloaders\youtube.py", line 50, in extract_info
    proc = await asyncio.create_subprocess_exec(
           ^^^^^^^^^^^^^^^^^^^^^^^^^^^^^^^^^^^^^
    ...<3 lines>...
    )
    ^
  File "C:\Users\zihan\.conda\envs\yt-dlp\Lib\asyncio\subprocess.py", line 224, in create_subprocess_exec
    transport, protocol = await loop.subprocess_exec(
                          ^^^^^^^^^^^^^^^^^^^^^^^^^^^
    ...<3 lines>...
        stderr=stderr, **kwds)
        ^^^^^^^^^^^^^^^^^^^^^^
  File "C:\Users\zihan\.conda\envs\yt-dlp\Lib\asyncio\base_events.py", line 1809, in subprocess_exec
    transport = await self._make_subprocess_transport(
                ^^^^^^^^^^^^^^^^^^^^^^^^^^^^^^^^^^^^^^
        protocol, popen_args, False, stdin, stdout, stderr,
        ^^^^^^^^^^^^^^^^^^^^^^^^^^^^^^^^^^^^^^^^^^^^^^^^^^^
        bufsize, **kwargs)
        ^^^^^^^^^^^^^^^^^^
  File "C:\Users\zihan\.conda\envs\yt-dlp\Lib\asyncio\base_events.py", line 534, in _make_subprocess_transport
    raise NotImplementedError
NotImplementedError
2026-08-23 19:00:50 [INFO] [am_yt_downloader:126]: [Task 110355beec704f208ed6b8bf68e7d1cd] 开始下载命令: C:\Users\zihan\.conda\envs\yt-dlp\Scripts\yt-dlp.EXE --newline --no-warnings --no-playlist --no-call-home -f... URL: https://youtu.be/jUT3rUZGqLA
2026-08-23 19:00:50 [ERROR] [am_yt_downloader:139]: [Task 110355beec704f208ed6b8bf68e7d1cd] 启动下载进程失败: 
Traceback (most recent call last):
  File "C:\Users\zihan\Desktop\My-Projects\am-yt-downloader\backend\app\downloaders\youtube.py", line 129, in download
    proc = await asyncio.create_subprocess_exec(
           ^^^^^^^^^^^^^^^^^^^^^^^^^^^^^^^^^^^^^
    ...<3 lines>...
    )
    ^
  File "C:\Users\zihan\.conda\envs\yt-dlp\Lib\asyncio\subprocess.py", line 224, in create_subprocess_exec
    transport, protocol = await loop.subprocess_exec(
                          ^^^^^^^^^^^^^^^^^^^^^^^^^^^
    ...<3 lines>...
        stderr=stderr, **kwds)
        ^^^^^^^^^^^^^^^^^^^^^^
  File "C:\Users\zihan\.conda\envs\yt-dlp\Lib\asyncio\base_events.py", line 1809, in subprocess_exec
    transport = await self._make_subprocess_transport(
                ^^^^^^^^^^^^^^^^^^^^^^^^^^^^^^^^^^^^^^
        protocol, popen_args, False, stdin, stdout, stderr,
        ^^^^^^^^^^^^^^^^^^^^^^^^^^^^^^^^^^^^^^^^^^^^^^^^^^^
        bufsize, **kwargs)
        ^^^^^^^^^^^^^^^^^^
  File "C:\Users\zihan\.conda\envs\yt-dlp\Lib\asyncio\base_events.py", line 534, in _make_subprocess_transport
    raise NotImplementedError
NotImplementedError
2026-08-23 19:00:50 [ERROR] [am_yt_downloader:246]: [Task 110355beec704f208ed6b8bf68e7d1cd] 任务执行失败: 启动下载进程失败: 
Traceback (most recent call last):
  File "C:\Users\zihan\Desktop\My-Projects\am-yt-downloader\backend\app\downloaders\youtube.py", line 129, in download
    proc = await asyncio.create_subprocess_exec(
           ^^^^^^^^^^^^^^^^^^^^^^^^^^^^^^^^^^^^^
    ...<3 lines>...
    )
    ^
  File "C:\Users\zihan\.conda\envs\yt-dlp\Lib\asyncio\subprocess.py", line 224, in create_subprocess_exec
    transport, protocol = await loop.subprocess_exec(
                          ^^^^^^^^^^^^^^^^^^^^^^^^^^^
    ...<3 lines>...
        stderr=stderr, **kwds)
        ^^^^^^^^^^^^^^^^^^^^^^
  File "C:\Users\zihan\.conda\envs\yt-dlp\Lib\asyncio\base_events.py", line 1809, in subprocess_exec
    transport = await self._make_subprocess_transport(
                ^^^^^^^^^^^^^^^^^^^^^^^^^^^^^^^^^^^^^^
        protocol, popen_args, False, stdin, stdout, stderr,
        ^^^^^^^^^^^^^^^^^^^^^^^^^^^^^^^^^^^^^^^^^^^^^^^^^^^
        bufsize, **kwargs)
        ^^^^^^^^^^^^^^^^^^
  File "C:\Users\zihan\.conda\envs\yt-dlp\Lib\asyncio\base_events.py", line 534, in _make_subprocess_transport
    raise NotImplementedError
NotImplementedError

During handling of the above exception, another exception occurred:

Traceback (most recent call last):
  File "C:\Users\zihan\Desktop\My-Projects\am-yt-downloader\backend\app\core\task_manager.py", line 201, in _execute_task_pipeline
    final_file, final_filename = await downloader.download(
                                 ^^^^^^^^^^^^^^^^^^^^^^^^^^
    ...<6 lines>...
    )
    ^
  File "C:\Users\zihan\Desktop\My-Projects\am-yt-downloader\backend\app\downloaders\youtube.py", line 140, in download
    raise RuntimeError(f"启动下载进程失败: {str(e)}")
RuntimeError: 启动下载进程失败: 
2026-08-23 19:03:17 [INFO] [am_yt_downloader:71]: [TaskManager] 新任务提交成功: ID=500c6a30817f4c7fbc950847cb3142c2, 用户=397d8d3bd0424de29df57785fe466f79, 服务=youtube, URL=https://youtu.be/jUT3rUZGqLA
2026-08-23 19:03:17 [INFO] [am_yt_downloader:49]: [YouTubeDownloader] 正在解析元数据: https://youtu.be/jUT3rUZGqLA (使用引擎: C:\Users\zihan\.conda\envs\yt-dlp\Scripts\yt-dlp.EXE)
2026-08-23 19:03:20 [INFO] [am_yt_downloader:69]: [YouTubeDownloader] 元数据解析成功: 'GOOGLE MADE A MISTAKE' (发布者: JerryRigEverything, 时长: 568s)
2026-08-23 19:03:21 [INFO] [am_yt_downloader:116]: [Task 500c6a30817f4c7fbc950847cb3142c2] 开始下载命令: C:\Users\zihan\.conda\envs\yt-dlp\Scripts\yt-dlp.EXE --newline --no-warnings --no-playlist --no-call-home -f... URL: https://youtu.be/jUT3rUZGqLA
2026-08-23 19:03:36 [INFO] [am_yt_downloader:97]: [TaskManager] 正在取消任务: ID=500c6a30817f4c7fbc950847cb3142c2, 用户=397d8d3bd0424de29df57785fe466f79
2026-08-23 19:03:36 [INFO] [am_yt_downloader:287]: [Task 500c6a30817f4c7fbc950847cb3142c2] 收到取消信号，终止线程子进程 PID 40872
2026-08-23 19:03:36 [INFO] [am_yt_downloader:232]: [Task 500c6a30817f4c7fbc950847cb3142c2] 任务已成功取消并清理临时目录
2026-08-23 19:04:19 [INFO] [am_yt_downloader:71]: [TaskManager] 新任务提交成功: ID=740ef2b853c9472c95f0020c39e6ce4c, 用户=397d8d3bd0424de29df57785fe466f79, 服务=youtube, URL=https://youtu.be/1xw8-y4duDQ
2026-08-23 19:04:19 [INFO] [am_yt_downloader:49]: [YouTubeDownloader] 正在解析元数据: https://youtu.be/1xw8-y4duDQ (使用引擎: C:\Users\zihan\.conda\envs\yt-dlp\Scripts\yt-dlp.EXE)
2026-08-23 19:04:23 [INFO] [am_yt_downloader:69]: [YouTubeDownloader] 元数据解析成功: 'Meet Google Pixel 11 Pro | Attention-Grabbing. Not Attention-Seeking.' (发布者: Made by Google, 时长: 30s)
2026-08-23 19:04:23 [INFO] [am_yt_downloader:116]: [Task 740ef2b853c9472c95f0020c39e6ce4c] 开始下载命令: C:\Users\zihan\.conda\envs\yt-dlp\Scripts\yt-dlp.EXE --newline --no-warnings --no-playlist --no-call-home -f... URL: https://youtu.be/1xw8-y4duDQ
2026-08-23 19:04:30 [INFO] [am_yt_downloader:128]: [Task 740ef2b853c9472c95f0020c39e6ce4c] 下载并合并完成: Meet Google Pixel 11 Pro ｜ Attention-Grabbing. Not Attention-Seeking..webm (大小: 8445568 字节)
2026-08-23 19:06:30 [INFO] [am_yt_downloader:185]: [TasksAPI] 用户 397d8d3bd0424de29df57785fe466f79 手动删除了任务 500c6a30817f4c7fbc950847cb3142c2 及其文件 (配额不回退)
2026-08-23 19:06:33 [INFO] [am_yt_downloader:185]: [TasksAPI] 用户 397d8d3bd0424de29df57785fe466f79 手动删除了任务 110355beec704f208ed6b8bf68e7d1cd 及其文件 (配额不回退)
2026-08-23 19:06:33 [INFO] [am_yt_downloader:185]: [TasksAPI] 用户 397d8d3bd0424de29df57785fe466f79 手动删除了任务 e207e46b868f4ca6b896b8232e7f2287 及其文件 (配额不回退)
2026-08-23 19:06:34 [INFO] [am_yt_downloader:185]: [TasksAPI] 用户 397d8d3bd0424de29df57785fe466f79 手动删除了任务 5a3e61eada6043d3b6b1c6a98a9e0168 及其文件 (配额不回退)
2026-08-23 19:06:35 [INFO] [am_yt_downloader:185]: [TasksAPI] 用户 397d8d3bd0424de29df57785fe466f79 手动删除了任务 47721bfba47b4fbd8fa63e50e295d492 及其文件 (配额不回退)
2026-08-23 19:06:36 [INFO] [am_yt_downloader:185]: [TasksAPI] 用户 397d8d3bd0424de29df57785fe466f79 手动删除了任务 55dd591a5d7241fdb869cdba5acefda9 及其文件 (配额不回退)
2026-08-23 19:07:08 [INFO] [am_yt_downloader:185]: [TasksAPI] 用户 397d8d3bd0424de29df57785fe466f79 手动删除了任务 740ef2b853c9472c95f0020c39e6ce4c 及其文件 (配额不回退)
2026-08-23 19:10:21 [INFO] [am_yt_downloader:71]: [TaskManager] 新任务提交成功: ID=b9c5752316304993b190902af47e70ab, 用户=397d8d3bd0424de29df57785fe466f79, 服务=youtube, URL=https://youtu.be/1xw8-y4duDQ
2026-08-23 19:10:21 [INFO] [am_yt_downloader:49]: [YouTubeDownloader] 正在解析元数据: https://youtu.be/1xw8-y4duDQ (使用引擎: C:\Users\zihan\.conda\envs\yt-dlp\Scripts\yt-dlp.EXE)
2026-08-23 19:10:26 [INFO] [am_yt_downloader:69]: [YouTubeDownloader] 元数据解析成功: 'Meet Google Pixel 11 Pro | Attention-Grabbing. Not Attention-Seeking.' (发布者: Made by Google, 时长: 30s)
2026-08-23 19:10:26 [INFO] [am_yt_downloader:116]: [Task b9c5752316304993b190902af47e70ab] 开始下载命令: C:\Users\zihan\.conda\envs\yt-dlp\Scripts\yt-dlp.EXE --newline --no-warnings --no-playlist --no-call-home -f... URL: https://youtu.be/1xw8-y4duDQ
2026-08-23 19:10:33 [INFO] [am_yt_downloader:128]: [Task b9c5752316304993b190902af47e70ab] 下载并合并完成: Meet Google Pixel 11 Pro ｜ Attention-Grabbing. Not Attention-Seeking..webm (大小: 8445568 字节)
2026-08-23 19:13:56 [INFO] [am_yt_downloader:234]: [TasksAPI] 用户 397d8d3bd0424de29df57785fe466f79 一键清除了 1 个已完成/历史任务及文件
2026-08-23 19:14:38 [INFO] [am_yt_downloader:71]: [TaskManager] 新任务提交成功: ID=b62fb909cf8448d989916fbb527bf3a4, 用户=397d8d3bd0424de29df57785fe466f79, 服务=youtube, URL=https://youtu.be/1xw8-y4duDQ
2026-08-23 19:14:38 [INFO] [am_yt_downloader:49]: [YouTubeDownloader] 正在解析元数据: https://youtu.be/1xw8-y4duDQ (使用引擎: C:\Users\zihan\.conda\envs\yt-dlp\Scripts\yt-dlp.EXE)
2026-08-23 19:14:41 [INFO] [am_yt_downloader:69]: [YouTubeDownloader] 元数据解析成功: 'Meet Google Pixel 11 Pro | Attention-Grabbing. Not Attention-Seeking.' (发布者: Made by Google, 时长: 30s)
2026-08-23 19:14:41 [INFO] [am_yt_downloader:121]: [Task b62fb909cf8448d989916fbb527bf3a4] 开始下载命令: C:\Users\zihan\.conda\envs\yt-dlp\Scripts\yt-dlp.EXE --newline --no-warnings --no-playlist --no-call-home -f... URL: https://youtu.be/1xw8-y4duDQ
2026-08-23 19:14:47 [ERROR] [am_yt_downloader:313]: [Task b62fb909cf8448d989916fbb527bf3a4] yt-dlp 异常退出 (1):
Deprecated Feature: The following options have been deprecated: --no-call-home
Please remove them from your command/configuration to avoid future errors.
See  https://github.com/yt-dlp/yt-dlp/issues/14198  for more details
ERROR: Unable to download video subtitles for 'en': HTTP Error 429: Too Many Requests
2026-08-23 19:14:47 [ERROR] [am_yt_downloader:246]: [Task b62fb909cf8448d989916fbb527bf3a4] 任务执行失败: 下载失败 (代码 1): Deprecated Feature: The following options have been deprecated: --no-call-home
Please remove them from your command/configuration to avoid future errors.
See  https://github.com/yt-dlp/yt-dlp/issues/14198  for more details
ERROR: Unable to download video subtitles for 'en': HTTP Error 429: Too Many Requests
Traceback (most recent call last):
  File "C:\Users\zihan\Desktop\My-Projects\am-yt-downloader\backend\app\core\task_manager.py", line 201, in _execute_task_pipeline
    final_file, final_filename = await downloader.download(
                                 ^^^^^^^^^^^^^^^^^^^^^^^^^^
    ...<6 lines>...
    )
    ^
  File "C:\Users\zihan\Desktop\My-Projects\am-yt-downloader\backend\app\downloaders\youtube.py", line 123, in download
    await self._run_download_stream(task_id, cmd, progress_callback, cancel_event)
  File "C:\Users\zihan\Desktop\My-Projects\am-yt-downloader\backend\app\downloaders\youtube.py", line 314, in _run_download_stream
    raise RuntimeError(f"下载失败 (代码 {sync_proc.returncode}): {stderr_text[:400] if stderr_text else '未知错误'}")
RuntimeError: 下载失败 (代码 1): Deprecated Feature: The following options have been deprecated: --no-call-home
Please remove them from your command/configuration to avoid future errors.
See  https://github.com/yt-dlp/yt-dlp/issues/14198  for more details
ERROR: Unable to download video subtitles for 'en': HTTP Error 429: Too Many Requests
2026-08-23 19:16:08 [INFO] [am_yt_downloader:185]: [TasksAPI] 用户 397d8d3bd0424de29df57785fe466f79 手动删除了任务 b62fb909cf8448d989916fbb527bf3a4 及其文件 (配额不回退)
2026-08-23 19:16:08 [INFO] [am_yt_downloader:71]: [TaskManager] 新任务提交成功: ID=145d357738c9466ca6bce121672fe3ee, 用户=397d8d3bd0424de29df57785fe466f79, 服务=youtube, URL=https://youtu.be/1xw8-y4duDQ
2026-08-23 19:16:08 [INFO] [am_yt_downloader:48]: [YouTubeDownloader] 正在解析元数据: https://youtu.be/1xw8-y4duDQ (使用引擎: C:\Users\zihan\.conda\envs\yt-dlp\Scripts\yt-dlp.EXE)
2026-08-23 19:16:12 [INFO] [am_yt_downloader:68]: [YouTubeDownloader] 元数据解析成功: 'Meet Google Pixel 11 Pro | Attention-Grabbing. Not Attention-Seeking.' (发布者: Made by Google, 时长: 30s)
2026-08-23 19:16:12 [INFO] [am_yt_downloader:122]: [Task 145d357738c9466ca6bce121672fe3ee] 开始下载命令: C:\Users\zihan\.conda\envs\yt-dlp\Scripts\yt-dlp.EXE --newline --no-warnings --no-playlist --no-abort-on-error --retries... URL: https://youtu.be/1xw8-y4duDQ
2026-08-23 19:16:18 [ERROR] [am_yt_downloader:314]: [Task 145d357738c9466ca6bce121672fe3ee] yt-dlp 异常退出 (1):
ERROR: Unable to download video subtitles for 'en': HTTP Error 429: Too Many Requests
2026-08-23 19:16:18 [ERROR] [am_yt_downloader:246]: [Task 145d357738c9466ca6bce121672fe3ee] 任务执行失败: 下载失败 (代码 1): ERROR: Unable to download video subtitles for 'en': HTTP Error 429: Too Many Requests
Traceback (most recent call last):
  File "C:\Users\zihan\Desktop\My-Projects\am-yt-downloader\backend\app\core\task_manager.py", line 201, in _execute_task_pipeline
    final_file, final_filename = await downloader.download(
                                 ^^^^^^^^^^^^^^^^^^^^^^^^^^
    ...<6 lines>...
    )
    ^
  File "C:\Users\zihan\Desktop\My-Projects\am-yt-downloader\backend\app\downloaders\youtube.py", line 124, in download
    await self._run_download_stream(task_id, cmd, progress_callback, cancel_event)
  File "C:\Users\zihan\Desktop\My-Projects\am-yt-downloader\backend\app\downloaders\youtube.py", line 315, in _run_download_stream
    raise RuntimeError(f"下载失败 (代码 {sync_proc.returncode}): {stderr_text[:400] if stderr_text else '未知错误'}")
RuntimeError: 下载失败 (代码 1): ERROR: Unable to download video subtitles for 'en': HTTP Error 429: Too Many Requests
2026-08-23 19:17:16 [INFO] [am_yt_downloader:71]: [TaskManager] 新任务提交成功: ID=fce700755116438ca5defda0b22ce39f, 用户=397d8d3bd0424de29df57785fe466f79, 服务=youtube, URL=https://youtu.be/1xw8-y4duDQ
2026-08-23 19:17:16 [INFO] [am_yt_downloader:48]: [YouTubeDownloader] 正在解析元数据: https://youtu.be/1xw8-y4duDQ (使用引擎: C:\Users\zihan\.conda\envs\yt-dlp\Scripts\yt-dlp.EXE)
2026-08-23 19:17:17 [INFO] [am_yt_downloader:185]: [TasksAPI] 用户 397d8d3bd0424de29df57785fe466f79 手动删除了任务 145d357738c9466ca6bce121672fe3ee 及其文件 (配额不回退)
2026-08-23 19:17:19 [INFO] [am_yt_downloader:68]: [YouTubeDownloader] 元数据解析成功: 'Meet Google Pixel 11 Pro | Attention-Grabbing. Not Attention-Seeking.' (发布者: Made by Google, 时长: 30s)
2026-08-23 19:17:19 [INFO] [am_yt_downloader:118]: [Task fce700755116438ca5defda0b22ce39f] 开始下载命令: C:\Users\zihan\.conda\envs\yt-dlp\Scripts\yt-dlp.EXE --newline --no-warnings --no-playlist --no-abort-on-error --retries... URL: https://youtu.be/1xw8-y4duDQ
2026-08-23 19:17:27 [INFO] [am_yt_downloader:130]: [Task fce700755116438ca5defda0b22ce39f] 下载并合并完成: Meet Google Pixel 11 Pro ｜ Attention-Grabbing. Not Attention-Seeking..mkv (大小: 8445710 字节)
